PS C:\Users\th3882\OneDrive - AT&T Services, Inc\Documents\Programing\VisualBasic\ATT\Dev\ARAworkloadScheduler> git fetch origin

PS C:\Users\th3882\OneDrive - AT&T Services, Inc\Documents\Programing\VisualBasic\ATT\Dev\ARAworkloadScheduler> git reset --hard origin/master
HEAD is now at 412aaba udate - commented all logging
PS C:\Users\th3882\OneDrive - AT&T Services, Inc\Documents\Programing\VisualBasic\ATT\Dev\ARAworkloadScheduler> git status
On branch master
Your branch is up to date with 'origin/master'.

nothing to commit, working tree clean